Copyright 1986-2018 Xilinx, Inc. All Rights Reserved.
-------------------------------------------------------------------------------------
| Tool Version : Vivado v.2018.2 (win64) Build 2258646 Thu Jun 14 20:03:12 MDT 2018
| Date         : Thu Sep 17 00:29:47 2026
| Host         : RoshaanWasif running 64-bit major release  (build 9200)
| Command      : report_control_sets -verbose -file fpga_top_control_sets_placed.rpt
| Design       : fpga_top
| Device       : xc7a100t
-------------------------------------------------------------------------------------

Control Set Information

Table of Contents
-----------------
1. Summary
2. Histogram
3. Flip-Flop Distribution
4. Detailed Control Set Information

1. Summary
----------

+----------------------------------------------------------+-------+
|                          Status                          | Count |
+----------------------------------------------------------+-------+
| Number of unique control sets                            |     9 |
| Unused register locations in slices containing registers |    16 |
+----------------------------------------------------------+-------+


2. Histogram
------------

+--------+--------------+
| Fanout | Control Sets |
+--------+--------------+
|     14 |            2 |
|    16+ |            7 |
+--------+--------------+


3. Flip-Flop Distribution
-------------------------

+--------------+-----------------------+------------------------+-----------------+--------------+
| Clock Enable | Synchronous Set/Reset | Asynchronous Set/Reset | Total Registers | Total Slices |
+--------------+-----------------------+------------------------+-----------------+--------------+
| No           | No                    | No                     |               0 |            0 |
| No           | No                    | Yes                    |              14 |            4 |
| No           | Yes                   | No                     |               0 |            0 |
| Yes          | No                    | No                     |              24 |            6 |
| Yes          | No                    | Yes                    |            1962 |          280 |
| Yes          | Yes                   | No                     |               0 |            0 |
+--------------+-----------------------+------------------------+-----------------+--------------+


4. Detailed Control Set Information
-----------------------------------

+----------------+--------------------------+--------------------------+------------------+----------------+
|  Clock Signal  |       Enable Signal      |     Set/Reset Signal     | Slice Load Count | Bel Load Count |
+----------------+--------------------------+--------------------------+------------------+----------------+
|  clk_IBUF_BUFG |                          | uut/data_valid_out_reg_0 |                4 |             14 |
|  clk_IBUF_BUFG | us_counter[6]_i_1_n_0    | uut/data_valid_out_reg_0 |                3 |             14 |
|  clk_IBUF_BUFG | rom_data_out[12]_i_1_n_0 |                          |                6 |             24 |
|  clk_IBUF_BUFG | uut/read_addr[5]_i_1_n_0 | uut/data_valid_out_reg_0 |                3 |             24 |
|  clk_IBUF_BUFG | uut/E[0]                 | uut/data_valid_out_reg_0 |                4 |             28 |
|  clk_IBUF_BUFG | uut/data_out0            | uut/data_valid_out_reg_0 |                3 |             32 |
|  clk_IBUF_BUFG | uut/p_0_in               | uut/data_valid_out_reg_0 |                7 |             54 |
|  clk_IBUF_BUFG | uut/compute_en_reg_n_0   | uut/data_valid_out_reg_0 |                8 |             58 |
|  clk_IBUF_BUFG | data_valid_in_reg_n_0    | uut/data_valid_out_reg_0 |              252 |           1752 |
+----------------+--------------------------+--------------------------+------------------+----------------+


