
*** Running vivado
    with args -log fpga_top.vdi -applog -m64 -product Vivado -messageDb vivado.pb -mode batch -source fpga_top.tcl -notrace


****** Vivado v2018.2 (64-bit)
  **** SW Build 2258646 on Thu Jun 14 20:03:12 MDT 2018
  **** IP Build 2256618 on Thu Jun 14 22:10:49 MDT 2018
    ** Copyright 1986-2018 Xilinx, Inc. All Rights Reserved.

source fpga_top.tcl -notrace
Command: link_design -top fpga_top -part xc7a100tcsg324-1
Design is defaulting to srcset: sources_1
Design is defaulting to constrset: constrs_1
INFO: [Netlist 29-17] Analyzing 262 Unisim elements for replacement
INFO: [Netlist 29-28] Unisim Transformation completed in 0 CPU seconds
WARNING: [Netlist 29-101] Netlist 'fpga_top' is not ideal for floorplanning, since the cellview 'fir_symmetric_pipelined' contains a large number of primitives.  Please consider enabling hierarchy in synthesis if you want to do floorplanning.
INFO: [Project 1-479] Netlist was created with Vivado 2018.2
INFO: [Device 21-403] Loading part xc7a100tcsg324-1
INFO: [Project 1-570] Preparing netlist for logic optimization
Parsing XDC File [D:/Vivado _projects/LS_FIR_FILTER/LS_FIR_FILTER.srcs/constrs_1/new/constraints.xdc]
Finished Parsing XDC File [D:/Vivado _projects/LS_FIR_FILTER/LS_FIR_FILTER.srcs/constrs_1/new/constraints.xdc]
INFO: [Opt 31-138] Pushed 0 inverter(s) to 0 load pin(s).
INFO: [Project 1-111] Unisim Transformation Summary:
No Unisim elements were transformed.

7 Infos, 1 Warnings, 0 Critical Warnings and 0 Errors encountered.
link_design completed successfully
link_design: Time (s): cpu = 00:00:06 ; elapsed = 00:00:08 . Memory (MB): peak = 588.672 ; gain = 339.824
Command: opt_design
Attempting to get a license for feature 'Implementation' and/or device 'xc7a100t'
INFO: [Common 17-349] Got license for feature 'Implementation' and/or device 'xc7a100t'
Running DRC as a precondition to command opt_design

Starting DRC Task
INFO: [DRC 23-27] Running DRC with 2 threads
INFO: [Project 1-461] DRC finished with 0 Errors
INFO: [Project 1-462] Please refer to the DRC report (report_drc) for more information.

Time (s): cpu = 00:00:01 ; elapsed = 00:00:00.631 . Memory (MB): peak = 601.625 ; gain = 12.953

Starting Cache Timing Information Task
INFO: [Timing 38-35] Done setting XDC timing constraints.
Ending Cache Timing Information Task | Checksum: 1bfa5c4c3

Time (s): cpu = 00:00:09 ; elapsed = 00:00:11 . Memory (MB): peak = 1089.059 ; gain = 487.434

Starting Logic Optimization Task

Phase 1 Retarget
INFO: [Opt 31-138] Pushed 0 inverter(s) to 0 load pin(s).
INFO: [Opt 31-49] Retargeted 0 cell(s).
Phase 1 Retarget | Checksum: 1bfa5c4c3

Time (s): cpu = 00:00:01 ; elapsed = 00:00:00.082 . Memory (MB): peak = 1089.059 ; gain = 0.000
INFO: [Opt 31-389] Phase Retarget created 0 cells and removed 0 cells

Phase 2 Constant propagation
INFO: [Opt 31-138] Pushed 0 inverter(s) to 0 load pin(s).
Phase 2 Constant propagation | Checksum: 1bfa5c4c3

Time (s): cpu = 00:00:01 ; elapsed = 00:00:00.111 . Memory (MB): peak = 1089.059 ; gain = 0.000
INFO: [Opt 31-389] Phase Constant propagation created 0 cells and removed 0 cells

Phase 3 Sweep
Phase 3 Sweep | Checksum: 21d92e42e

Time (s): cpu = 00:00:01 ; elapsed = 00:00:00.127 . Memory (MB): peak = 1089.059 ; gain = 0.000
INFO: [Opt 31-389] Phase Sweep created 0 cells and removed 0 cells

Phase 4 BUFG optimization
Phase 4 BUFG optimization | Checksum: 21d92e42e

Time (s): cpu = 00:00:01 ; elapsed = 00:00:00.150 . Memory (MB): peak = 1089.059 ; gain = 0.000
INFO: [Opt 31-662] Phase BUFG optimization created 0 cells of which 0 are BUFGs and removed 0 cells.

Phase 5 Shift Register Optimization
Phase 5 Shift Register Optimization | Checksum: 196932add

Time (s): cpu = 00:00:01 ; elapsed = 00:00:00.184 . Memory (MB): peak = 1089.059 ; gain = 0.000
INFO: [Opt 31-389] Phase Shift Register Optimization created 0 cells and removed 0 cells

Phase 6 Post Processing Netlist
Phase 6 Post Processing Netlist | Checksum: 196932add

Time (s): cpu = 00:00:01 ; elapsed = 00:00:00.191 . Memory (MB): peak = 1089.059 ; gain = 0.000
INFO: [Opt 31-389] Phase Post Processing Netlist created 0 cells and removed 0 cells

Starting Connectivity Check Task

Time (s): cpu = 00:00:00 ; elapsed = 00:00:00.003 . Memory (MB): peak = 1089.059 ; gain = 0.000
Ending Logic Optimization Task | Checksum: 196932add

Time (s): cpu = 00:00:01 ; elapsed = 00:00:00.198 . Memory (MB): peak = 1089.059 ; gain = 0.000

Starting Power Optimization Task
INFO: [Pwropt 34-132] Skipping clock gating for clocks with a period < 2.00 ns.
INFO: [Timing 38-35] Done setting XDC timing constraints.
INFO: [Pwropt 34-9] Applying IDT optimizations ...
INFO: [Pwropt 34-10] Applying ODC optimizations ...
INFO: [Physopt 32-619] Estimated Timing Summary | WNS=4.233 | TNS=0.000 |
Running Vector-less Activity Propagation...

Finished Running Vector-less Activity Propagation


Starting PowerOpt Patch Enables Task
INFO: [Pwropt 34-162] WRITE_MODE attribute of 0 BRAM(s) out of a total of 1 has been updated to save power. Run report_power_opt to get a complete listing of the BRAMs updated.
INFO: [Pwropt 34-201] Structural ODC has moved 0 WE to EN ports
Number of BRAM Ports augmented: 0 newly gated: 0 Total Ports: 2
Ending PowerOpt Patch Enables Task | Checksum: 196932add

Time (s): cpu = 00:00:00 ; elapsed = 00:00:00.008 . Memory (MB): peak = 1221.008 ; gain = 0.000
Ending Power Optimization Task | Checksum: 196932add

Time (s): cpu = 00:00:01 ; elapsed = 00:00:00.828 . Memory (MB): peak = 1221.008 ; gain = 131.949

Starting Final Cleanup Task
Ending Final Cleanup Task | Checksum: 196932add

Time (s): cpu = 00:00:00 ; elapsed = 00:00:00 . Memory (MB): peak = 1221.008 ; gain = 0.000
INFO: [Common 17-83] Releasing license: Implementation
29 Infos, 1 Warnings, 0 Critical Warnings and 0 Errors encountered.
opt_design completed successfully
opt_design: Time (s): cpu = 00:00:12 ; elapsed = 00:00:13 . Memory (MB): peak = 1221.008 ; gain = 632.336
INFO: [Timing 38-480] Writing timing data to binary archive.
Writing placer database...
Writing XDEF routing.
Writing XDEF routing logical nets.
Writing XDEF routing special nets.
Write XDEF Complete: Time (s): cpu = 00:00:00 ; elapsed = 00:00:00.034 . Memory (MB): peak = 1221.008 ; gain = 0.000
INFO: [Common 17-1381] The checkpoint 'D:/Vivado _projects/LS_FIR_FILTER/LS_FIR_FILTER.runs/impl_1/fpga_top_opt.dcp' has been generated.
INFO: [runtcl-4] Executing : report_drc -file fpga_top_drc_opted.rpt -pb fpga_top_drc_opted.pb -rpx fpga_top_drc_opted.rpx
Command: report_drc -file fpga_top_drc_opted.rpt -pb fpga_top_drc_opted.pb -rpx fpga_top_drc_opted.rpx
INFO: [IP_Flow 19-234] Refreshing IP repositories
INFO: [IP_Flow 19-1704] No user IP repositories specified
INFO: [IP_Flow 19-2313] Loaded Vivado IP repository 'D:/Vivado/2018.2/data/ip'.
INFO: [DRC 23-27] Running DRC with 2 threads
INFO: [Coretcl 2-168] The results of DRC are in file D:/Vivado _projects/LS_FIR_FILTER/LS_FIR_FILTER.runs/impl_1/fpga_top_drc_opted.rpt.
report_drc completed successfully
Command: place_design
Attempting to get a license for feature 'Implementation' and/or device 'xc7a100t'
INFO: [Common 17-349] Got license for feature 'Implementation' and/or device 'xc7a100t'
INFO: [DRC 23-27] Running DRC with 2 threads
INFO: [Vivado_Tcl 4-198] DRC finished with 0 Errors
INFO: [Vivado_Tcl 4-199] Please refer to the DRC report (report_drc) for more information.
Running DRC as a precondition to command place_design
INFO: [DRC 23-27] Running DRC with 2 threads
WARNING: [DRC REQP-1840] RAMB18 async control check: The RAMB18E1 output_ram_reg has an input control pin output_ram_reg/ADDRARDADDR[10] (net: write_addr_reg__0[6]) which is driven by a register (write_addr_reg[6]) that has an active asychronous set or reset. This may cause corruption of the memory contents and/or read values when the set/reset is asserted and is not analyzed by the default static timing analysis. It is suggested to eliminate the use of a set/reset to registers driving this RAMB pin or else use a synchronous reset in which the assertion of the reset is timed by default.
WARNING: [DRC REQP-1840] RAMB18 async control check: The RAMB18E1 output_ram_reg has an input control pin output_ram_reg/ADDRARDADDR[4] (net: write_addr_reg__0[0]) which is driven by a register (write_addr_reg[0]) that has an active asychronous set or reset. This may cause corruption of the memory contents and/or read values when the set/reset is asserted and is not analyzed by the default static timing analysis. It is suggested to eliminate the use of a set/reset to registers driving this RAMB pin or else use a synchronous reset in which the assertion of the reset is timed by default.
WARNING: [DRC REQP-1840] RAMB18 async control check: The RAMB18E1 output_ram_reg has an input control pin output_ram_reg/ADDRARDADDR[5] (net: write_addr_reg__0[1]) which is driven by a register (write_addr_reg[1]) that has an active asychronous set or reset. This may cause corruption of the memory contents and/or read values when the set/reset is asserted and is not analyzed by the default static timing analysis. It is suggested to eliminate the use of a set/reset to registers driving this RAMB pin or else use a synchronous reset in which the assertion of the reset is timed by default.
WARNING: [DRC REQP-1840] RAMB18 async control check: The RAMB18E1 output_ram_reg has an input control pin output_ram_reg/ADDRARDADDR[6] (net: write_addr_reg__0[2]) which is driven by a register (write_addr_reg[2]) that has an active asychronous set or reset. This may cause corruption of the memory contents and/or read values when the set/reset is asserted and is not analyzed by the default static timing analysis. It is suggested to eliminate the use of a set/reset to registers driving this RAMB pin or else use a synchronous reset in which the assertion of the reset is timed by default.
WARNING: [DRC REQP-1840] RAMB18 async control check: The RAMB18E1 output_ram_reg has an input control pin output_ram_reg/ADDRARDADDR[7] (net: write_addr_reg__0[3]) which is driven by a register (write_addr_reg[3]) that has an active asychronous set or reset. This may cause corruption of the memory contents and/or read values when the set/reset is asserted and is not analyzed by the default static timing analysis. It is suggested to eliminate the use of a set/reset to registers driving this RAMB pin or else use a synchronous reset in which the assertion of the reset is timed by default.
WARNING: [DRC REQP-1840] RAMB18 async control check: The RAMB18E1 output_ram_reg has an input control pin output_ram_reg/ADDRARDADDR[8] (net: write_addr_reg__0[4]) which is driven by a register (write_addr_reg[4]) that has an active asychronous set or reset. This may cause corruption of the memory contents and/or read values when the set/reset is asserted and is not analyzed by the default static timing analysis. It is suggested to eliminate the use of a set/reset to registers driving this RAMB pin or else use a synchronous reset in which the assertion of the reset is timed by default.
WARNING: [DRC REQP-1840] RAMB18 async control check: The RAMB18E1 output_ram_reg has an input control pin output_ram_reg/ADDRARDADDR[9] (net: write_addr_reg__0[5]) which is driven by a register (write_addr_reg[5]) that has an active asychronous set or reset. This may cause corruption of the memory contents and/or read values when the set/reset is asserted and is not analyzed by the default static timing analysis. It is suggested to eliminate the use of a set/reset to registers driving this RAMB pin or else use a synchronous reset in which the assertion of the reset is timed by default.
WARNING: [DRC REQP-1840] RAMB18 async control check: The RAMB18E1 output_ram_reg has an input control pin output_ram_reg/ENARDEN (net: filter_valid_out) which is driven by a register (uut/data_valid_out_reg) that has an active asychronous set or reset. This may cause corruption of the memory contents and/or read values when the set/reset is asserted and is not analyzed by the default static timing analysis. It is suggested to eliminate the use of a set/reset to registers driving this RAMB pin or else use a synchronous reset in which the assertion of the reset is timed by default.
INFO: [Vivado_Tcl 4-198] DRC finished with 0 Errors, 8 Warnings
INFO: [Vivado_Tcl 4-199] Please refer to the DRC report (report_drc) for more information.

Starting Placer Task
INFO: [Place 30-611] Multithreading enabled for place_design using a maximum of 2 CPUs

Phase 1 Placer Initialization

Phase 1.1 Placer Initialization Netlist Sorting
Netlist sorting complete. Time (s): cpu = 00:00:00 ; elapsed = 00:00:00.001 . Memory (MB): peak = 1221.008 ; gain = 0.000
Phase 1.1 Placer Initialization Netlist Sorting | Checksum: d92307ff

Time (s): cpu = 00:00:00 ; elapsed = 00:00:00.004 . Memory (MB): peak = 1221.008 ; gain = 0.000
Netlist sorting complete. Time (s): cpu = 00:00:00 ; elapsed = 00:00:00.001 . Memory (MB): peak = 1221.008 ; gain = 0.000

Phase 1.2 IO Placement/ Clock Placement/ Build Placer Device
INFO: [Timing 38-35] Done setting XDC timing constraints.
Phase 1.2 IO Placement/ Clock Placement/ Build Placer Device | Checksum: 1783ffb99

Time (s): cpu = 00:00:02 ; elapsed = 00:00:00.876 . Memory (MB): peak = 1221.008 ; gain = 0.000

Phase 1.3 Build Placer Netlist Model
Phase 1.3 Build Placer Netlist Model | Checksum: 179e4ee4e

Time (s): cpu = 00:00:02 ; elapsed = 00:00:01 . Memory (MB): peak = 1221.008 ; gain = 0.000

Phase 1.4 Constrain Clocks/Macros
Phase 1.4 Constrain Clocks/Macros | Checksum: 179e4ee4e

Time (s): cpu = 00:00:02 ; elapsed = 00:00:01 . Memory (MB): peak = 1221.008 ; gain = 0.000
Phase 1 Placer Initialization | Checksum: 179e4ee4e

Time (s): cpu = 00:00:02 ; elapsed = 00:00:01 . Memory (MB): peak = 1221.008 ; gain = 0.000

Phase 2 Global Placement

Phase 2.1 Floorplanning
Phase 2.1 Floorplanning | Checksum: 23b62b448

Time (s): cpu = 00:00:02 ; elapsed = 00:00:01 . Memory (MB): peak = 1221.008 ; gain = 0.000

Phase 2.2 Physical Synthesis In Placer
INFO: [Physopt 32-65] No nets found for high-fanout optimization.
INFO: [Physopt 32-232] Optimized 0 net. Created 0 new instance.
INFO: [Physopt 32-775] End 1 Pass. Optimized 0 net or cell. Created 0 new cell, deleted 0 existing cell and moved 0 existing cell
Netlist sorting complete. Time (s): cpu = 00:00:00 ; elapsed = 00:00:00.001 . Memory (MB): peak = 1221.008 ; gain = 0.000

Summary of Physical Synthesis Optimizations
============================================


-----------------------------------------------------------------------------------------------------------------------------
|  Optimization       |  Added Cells  |  Removed Cells  |  Optimized Cells/Nets  |  Dont Touch  |  Iterations  |  Elapsed   |
-----------------------------------------------------------------------------------------------------------------------------
|  Very High Fanout   |            0  |              0  |                     0  |           0  |           1  |  00:00:00  |
|  Total              |            0  |              0  |                     0  |           0  |           1  |  00:00:00  |
-----------------------------------------------------------------------------------------------------------------------------


Phase 2.2 Physical Synthesis In Placer | Checksum: 14d34d5f3

Time (s): cpu = 00:00:06 ; elapsed = 00:00:04 . Memory (MB): peak = 1221.008 ; gain = 0.000
Phase 2 Global Placement | Checksum: 146dbb8ab

Time (s): cpu = 00:00:06 ; elapsed = 00:00:04 . Memory (MB): peak = 1221.008 ; gain = 0.000

Phase 3 Detail Placement

Phase 3.1 Commit Multi Column Macros
Phase 3.1 Commit Multi Column Macros | Checksum: 146dbb8ab

Time (s): cpu = 00:00:06 ; elapsed = 00:00:04 . Memory (MB): peak = 1221.008 ; gain = 0.000

Phase 3.2 Commit Most Macros & LUTRAMs
Phase 3.2 Commit Most Macros & LUTRAMs | Checksum: 1be1d84e0

Time (s): cpu = 00:00:06 ; elapsed = 00:00:04 . Memory (MB): peak = 1221.008 ; gain = 0.000

Phase 3.3 Area Swap Optimization
Phase 3.3 Area Swap Optimization | Checksum: 29cf27f8c

Time (s): cpu = 00:00:06 ; elapsed = 00:00:04 . Memory (MB): peak = 1221.008 ; gain = 0.000

Phase 3.4 Pipeline Register Optimization
Phase 3.4 Pipeline Register Optimization | Checksum: 29cf27f8c

Time (s): cpu = 00:00:06 ; elapsed = 00:00:04 . Memory (MB): peak = 1221.008 ; gain = 0.000

Phase 3.5 Small Shape Detail Placement
Phase 3.5 Small Shape Detail Placement | Checksum: 187894083

Time (s): cpu = 00:00:07 ; elapsed = 00:00:04 . Memory (MB): peak = 1221.008 ; gain = 0.000

Phase 3.6 Re-assign LUT pins
Phase 3.6 Re-assign LUT pins | Checksum: 1d76d3170

Time (s): cpu = 00:00:07 ; elapsed = 00:00:05 . Memory (MB): peak = 1221.008 ; gain = 0.000

Phase 3.7 Pipeline Register Optimization
Phase 3.7 Pipeline Register Optimization | Checksum: 1d76d3170

Time (s): cpu = 00:00:07 ; elapsed = 00:00:05 . Memory (MB): peak = 1221.008 ; gain = 0.000
Phase 3 Detail Placement | Checksum: 1d76d3170

Time (s): cpu = 00:00:07 ; elapsed = 00:00:05 . Memory (MB): peak = 1221.008 ; gain = 0.000

Phase 4 Post Placement Optimization and Clean-Up

Phase 4.1 Post Commit Optimization
INFO: [Timing 38-35] Done setting XDC timing constraints.

Phase 4.1.1 Post Placement Optimization
Post Placement Optimization Initialization | Checksum: 172ca7518

Phase 4.1.1.1 BUFG Insertion
INFO: [Place 46-31] BUFG insertion identified 0 candidate nets, 0 success, 0 skipped for placement/routing, 0 skipped for timing, 0 skipped for netlist change reason.
Phase 4.1.1.1 BUFG Insertion | Checksum: 172ca7518

Time (s): cpu = 00:00:07 ; elapsed = 00:00:05 . Memory (MB): peak = 1221.008 ; gain = 0.000
INFO: [Place 30-746] Post Placement Timing Summary WNS=3.489. For the most accurate timing information please run report_timing.
Phase 4.1.1 Post Placement Optimization | Checksum: 18665cf4c

Time (s): cpu = 00:00:07 ; elapsed = 00:00:05 . Memory (MB): peak = 1221.008 ; gain = 0.000
Phase 4.1 Post Commit Optimization | Checksum: 18665cf4c

Time (s): cpu = 00:00:07 ; elapsed = 00:00:05 . Memory (MB): peak = 1221.008 ; gain = 0.000

Phase 4.2 Post Placement Cleanup
Phase 4.2 Post Placement Cleanup | Checksum: 18665cf4c

Time (s): cpu = 00:00:07 ; elapsed = 00:00:05 . Memory (MB): peak = 1221.008 ; gain = 0.000

Phase 4.3 Placer Reporting
Phase 4.3 Placer Reporting | Checksum: 18665cf4c

Time (s): cpu = 00:00:07 ; elapsed = 00:00:05 . Memory (MB): peak = 1221.008 ; gain = 0.000

Phase 4.4 Final Placement Cleanup
Phase 4.4 Final Placement Cleanup | Checksum: 14673f229

Time (s): cpu = 00:00:07 ; elapsed = 00:00:05 . Memory (MB): peak = 1221.008 ; gain = 0.000
Phase 4 Post Placement Optimization and Clean-Up | Checksum: 14673f229

Time (s): cpu = 00:00:07 ; elapsed = 00:00:05 . Memory (MB): peak = 1221.008 ; gain = 0.000
Ending Placer Task | Checksum: f3e1a1cc

Time (s): cpu = 00:00:07 ; elapsed = 00:00:05 . Memory (MB): peak = 1221.008 ; gain = 0.000
INFO: [Common 17-83] Releasing license: Implementation
53 Infos, 9 Warnings, 0 Critical Warnings and 0 Errors encountered.
place_design completed successfully
place_design: Time (s): cpu = 00:00:08 ; elapsed = 00:00:05 . Memory (MB): peak = 1221.008 ; gain = 0.000
INFO: [Timing 38-480] Writing timing data to binary archive.
Writing placer database...
Writing XDEF routing.
Writing XDEF routing logical nets.
Writing XDEF routing special nets.
Write XDEF Complete: Time (s): cpu = 00:00:01 ; elapsed = 00:00:00.135 . Memory (MB): peak = 1221.008 ; gain = 0.000
INFO: [Common 17-1381] The checkpoint 'D:/Vivado _projects/LS_FIR_FILTER/LS_FIR_FILTER.runs/impl_1/fpga_top_placed.dcp' has been generated.
INFO: [runtcl-4] Executing : report_io -file fpga_top_io_placed.rpt
report_io: Time (s): cpu = 00:00:00 ; elapsed = 00:00:00.035 . Memory (MB): peak = 1221.008 ; gain = 0.000
INFO: [runtcl-4] Executing : report_utilization -file fpga_top_utilization_placed.rpt -pb fpga_top_utilization_placed.pb
report_utilization: Time (s): cpu = 00:00:00 ; elapsed = 00:00:00.042 . Memory (MB): peak = 1221.008 ; gain = 0.000
INFO: [runtcl-4] Executing : report_control_sets -verbose -file fpga_top_control_sets_placed.rpt
report_control_sets: Time (s): cpu = 00:00:00 ; elapsed = 00:00:00.008 . Memory (MB): peak = 1221.008 ; gain = 0.000
Command: route_design
Attempting to get a license for feature 'Implementation' and/or device 'xc7a100t'
INFO: [Common 17-349] Got license for feature 'Implementation' and/or device 'xc7a100t'
Running DRC as a precondition to command route_design
INFO: [DRC 23-27] Running DRC with 2 threads
INFO: [Vivado_Tcl 4-198] DRC finished with 0 Errors
INFO: [Vivado_Tcl 4-199] Please refer to the DRC report (report_drc) for more information.


Starting Routing Task
INFO: [Route 35-254] Multithreading enabled for route_design using a maximum of 2 CPUs
Checksum: PlaceDB: 72c1877a ConstDB: 0 ShapeSum: 81201a52 RouteDB: 0

Phase 1 Build RT Design
Phase 1 Build RT Design | Checksum: ec53c036

Time (s): cpu = 00:00:28 ; elapsed = 00:00:25 . Memory (MB): peak = 1314.461 ; gain = 93.453
Post Restoration Checksum: NetGraph: a5738708 NumContArr: 46e0392e Constraints: 0 Timing: 0

Phase 2 Router Initialization

Phase 2.1 Create Timer
Phase 2.1 Create Timer | Checksum: ec53c036

Time (s): cpu = 00:00:28 ; elapsed = 00:00:25 . Memory (MB): peak = 1314.473 ; gain = 93.465

Phase 2.2 Fix Topology Constraints
Phase 2.2 Fix Topology Constraints | Checksum: ec53c036

Time (s): cpu = 00:00:28 ; elapsed = 00:00:25 . Memory (MB): peak = 1320.723 ; gain = 99.715

Phase 2.3 Pre Route Cleanup
Phase 2.3 Pre Route Cleanup | Checksum: ec53c036

Time (s): cpu = 00:00:28 ; elapsed = 00:00:25 . Memory (MB): peak = 1320.723 ; gain = 99.715
 Number of Nodes with overlaps = 0

Phase 2.4 Update Timing
Phase 2.4 Update Timing | Checksum: b4a94289

Time (s): cpu = 00:00:28 ; elapsed = 00:00:25 . Memory (MB): peak = 1340.930 ; gain = 119.922
INFO: [Route 35-416] Intermediate Timing Summary | WNS=3.491  | TNS=0.000  | WHS=-0.200 | THS=-31.141|

Phase 2 Router Initialization | Checksum: 10f963087

Time (s): cpu = 00:00:28 ; elapsed = 00:00:25 . Memory (MB): peak = 1340.930 ; gain = 119.922

Phase 3 Initial Routing
Phase 3 Initial Routing | Checksum: 21035dc26

Time (s): cpu = 00:00:29 ; elapsed = 00:00:26 . Memory (MB): peak = 1340.930 ; gain = 119.922

Phase 4 Rip-up And Reroute

Phase 4.1 Global Iteration 0
 Number of Nodes with overlaps = 314
 Number of Nodes with overlaps = 52
 Number of Nodes with overlaps = 6
 Number of Nodes with overlaps = 2
 Number of Nodes with overlaps = 0
INFO: [Route 35-416] Intermediate Timing Summary | WNS=2.590  | TNS=0.000  | WHS=N/A    | THS=N/A    |

Phase 4.1 Global Iteration 0 | Checksum: 14b0600d4

Time (s): cpu = 00:00:30 ; elapsed = 00:00:26 . Memory (MB): peak = 1340.930 ; gain = 119.922
Phase 4 Rip-up And Reroute | Checksum: 14b0600d4

Time (s): cpu = 00:00:30 ; elapsed = 00:00:26 . Memory (MB): peak = 1340.930 ; gain = 119.922

Phase 5 Delay and Skew Optimization

Phase 5.1 Delay CleanUp

Phase 5.1.1 Update Timing
Phase 5.1.1 Update Timing | Checksum: aecf9479

Time (s): cpu = 00:00:30 ; elapsed = 00:00:26 . Memory (MB): peak = 1340.930 ; gain = 119.922
INFO: [Route 35-416] Intermediate Timing Summary | WNS=2.693  | TNS=0.000  | WHS=N/A    | THS=N/A    |

Phase 5.1 Delay CleanUp | Checksum: aecf9479

Time (s): cpu = 00:00:30 ; elapsed = 00:00:26 . Memory (MB): peak = 1340.930 ; gain = 119.922

Phase 5.2 Clock Skew Optimization
Phase 5.2 Clock Skew Optimization | Checksum: aecf9479

Time (s): cpu = 00:00:30 ; elapsed = 00:00:26 . Memory (MB): peak = 1340.930 ; gain = 119.922
Phase 5 Delay and Skew Optimization | Checksum: aecf9479

Time (s): cpu = 00:00:30 ; elapsed = 00:00:26 . Memory (MB): peak = 1340.930 ; gain = 119.922

Phase 6 Post Hold Fix

Phase 6.1 Hold Fix Iter

Phase 6.1.1 Update Timing
Phase 6.1.1 Update Timing | Checksum: 8f37fb49

Time (s): cpu = 00:00:31 ; elapsed = 00:00:26 . Memory (MB): peak = 1340.930 ; gain = 119.922
INFO: [Route 35-416] Intermediate Timing Summary | WNS=2.693  | TNS=0.000  | WHS=0.054  | THS=0.000  |

Phase 6.1 Hold Fix Iter | Checksum: 150f8dc1c

Time (s): cpu = 00:00:31 ; elapsed = 00:00:26 . Memory (MB): peak = 1340.930 ; gain = 119.922
Phase 6 Post Hold Fix | Checksum: 150f8dc1c

Time (s): cpu = 00:00:31 ; elapsed = 00:00:26 . Memory (MB): peak = 1340.930 ; gain = 119.922

Phase 7 Route finalize

Router Utilization Summary
  Global Vertical Routing Utilization    = 0.229534 %
  Global Horizontal Routing Utilization  = 0.256465 %
  Routable Net Status*
  *Does not include unroutable nets such as driverless and loadless.
  Run report_route_status for detailed report.
  Number of Failed Nets               = 0
  Number of Unrouted Nets             = 0
  Number of Partially Routed Nets     = 0
  Number of Node Overlaps             = 0

Phase 7 Route finalize | Checksum: ba61de01

Time (s): cpu = 00:00:31 ; elapsed = 00:00:26 . Memory (MB): peak = 1340.930 ; gain = 119.922

Phase 8 Verifying routed nets

 Verification completed successfully
Phase 8 Verifying routed nets | Checksum: ba61de01

Time (s): cpu = 00:00:31 ; elapsed = 00:00:27 . Memory (MB): peak = 1340.930 ; gain = 119.922

Phase 9 Depositing Routes
Phase 9 Depositing Routes | Checksum: e93db937

Time (s): cpu = 00:00:31 ; elapsed = 00:00:27 . Memory (MB): peak = 1340.930 ; gain = 119.922

Phase 10 Post Router Timing
INFO: [Route 35-57] Estimated Timing Summary | WNS=2.693  | TNS=0.000  | WHS=0.054  | THS=0.000  |

INFO: [Route 35-327] The final timing numbers are based on the router estimated timing analysis. For a complete and accurate timing signoff, please run report_timing_summary.
Phase 10 Post Router Timing | Checksum: e93db937

Time (s): cpu = 00:00:31 ; elapsed = 00:00:27 . Memory (MB): peak = 1340.930 ; gain = 119.922
INFO: [Route 35-16] Router Completed Successfully

Time (s): cpu = 00:00:31 ; elapsed = 00:00:27 . Memory (MB): peak = 1340.930 ; gain = 119.922

Routing Is Done.
INFO: [Common 17-83] Releasing license: Implementation
71 Infos, 9 Warnings, 0 Critical Warnings and 0 Errors encountered.
route_design completed successfully
route_design: Time (s): cpu = 00:00:33 ; elapsed = 00:00:28 . Memory (MB): peak = 1340.930 ; gain = 119.922
INFO: [Timing 38-480] Writing timing data to binary archive.
Writing placer database...
Writing XDEF routing.
Writing XDEF routing logical nets.
Writing XDEF routing special nets.
Write XDEF Complete: Time (s): cpu = 00:00:00 ; elapsed = 00:00:00.200 . Memory (MB): peak = 1340.930 ; gain = 0.000
INFO: [Common 17-1381] The checkpoint 'D:/Vivado _projects/LS_FIR_FILTER/LS_FIR_FILTER.runs/impl_1/fpga_top_routed.dcp' has been generated.
INFO: [runtcl-4] Executing : report_drc -file fpga_top_drc_routed.rpt -pb fpga_top_drc_routed.pb -rpx fpga_top_drc_routed.rpx
Command: report_drc -file fpga_top_drc_routed.rpt -pb fpga_top_drc_routed.pb -rpx fpga_top_drc_routed.rpx
INFO: [DRC 23-27] Running DRC with 2 threads
INFO: [Coretcl 2-168] The results of DRC are in file D:/Vivado _projects/LS_FIR_FILTER/LS_FIR_FILTER.runs/impl_1/fpga_top_drc_routed.rpt.
report_drc completed successfully
INFO: [runtcl-4] Executing : report_methodology -file fpga_top_methodology_drc_routed.rpt -pb fpga_top_methodology_drc_routed.pb -rpx fpga_top_methodology_drc_routed.rpx
Command: report_methodology -file fpga_top_methodology_drc_routed.rpt -pb fpga_top_methodology_drc_routed.pb -rpx fpga_top_methodology_drc_routed.rpx
INFO: [Timing 38-35] Done setting XDC timing constraints.
INFO: [Timing 38-35] Done setting XDC timing constraints.
INFO: [DRC 23-133] Running Methodology with 2 threads
INFO: [Coretcl 2-1520] The results of Report Methodology are in file D:/Vivado _projects/LS_FIR_FILTER/LS_FIR_FILTER.runs/impl_1/fpga_top_methodology_drc_routed.rpt.
report_methodology completed successfully
INFO: [runtcl-4] Executing : report_power -file fpga_top_power_routed.rpt -pb fpga_top_power_summary_routed.pb -rpx fpga_top_power_routed.rpx
Command: report_power -file fpga_top_power_routed.rpt -pb fpga_top_power_summary_routed.pb -rpx fpga_top_power_routed.rpx
INFO: [Timing 38-35] Done setting XDC timing constraints.
Running Vector-less Activity Propagation...

Finished Running Vector-less Activity Propagation
83 Infos, 9 Warnings, 0 Critical Warnings and 0 Errors encountered.
report_power completed successfully
INFO: [runtcl-4] Executing : report_route_status -file fpga_top_route_status.rpt -pb fpga_top_route_status.pb
INFO: [runtcl-4] Executing : report_timing_summary -max_paths 10 -file fpga_top_timing_summary_routed.rpt -pb fpga_top_timing_summary_routed.pb -rpx fpga_top_timing_summary_routed.rpx -warn_on_violation 
INFO: [Timing 38-91] UpdateTimingParams: Speed grade: -1, Delay Type: min_max, Timing Stage: Requireds.
INFO: [Timing 38-191] Multithreading enabled for timing update using a maximum of 2 CPUs
INFO: [runtcl-4] Executing : report_incremental_reuse -file fpga_top_incremental_reuse_routed.rpt
INFO: [Vivado_Tcl 4-545] No incremental reuse to report, no incremental placement and routing data was found.
INFO: [runtcl-4] Executing : report_clock_utilization -file fpga_top_clock_utilization_routed.rpt
INFO: [runtcl-4] Executing : report_bus_skew -warn_on_violation -file fpga_top_bus_skew_routed.rpt -pb fpga_top_bus_skew_routed.pb -rpx fpga_top_bus_skew_routed.rpx
INFO: [Timing 38-91] UpdateTimingParams: Speed grade: -1, Delay Type: min_max, Timing Stage: Requireds.
INFO: [Timing 38-191] Multithreading enabled for timing update using a maximum of 2 CPUs
Command: write_bitstream -force fpga_top.bit
Attempting to get a license for feature 'Implementation' and/or device 'xc7a100t'
INFO: [Common 17-349] Got license for feature 'Implementation' and/or device 'xc7a100t'
Running DRC as a precondition to command write_bitstream
INFO: [DRC 23-27] Running DRC with 2 threads
WARNING: [DRC CFGBVS-1] Missing CFGBVS and CONFIG_VOLTAGE Design Properties: Neither the CFGBVS nor CONFIG_VOLTAGE voltage property is set in the current_design.  Configuration bank voltage select (CFGBVS) must be set to VCCO or GND, and CONFIG_VOLTAGE must be set to the correct configuration voltage, in order to determine the I/O voltage support for the pins in bank 0.  It is suggested to specify these either using the 'Edit Device Properties' function in the GUI or directly in the XDC file using the following syntax:

 set_property CFGBVS value1 [current_design]
 #where value1 is either VCCO or GND

 set_property CONFIG_VOLTAGE value2 [current_design]
 #where value2 is the voltage provided to configuration bank 0

Refer to the device configuration user guide for more information.
WARNING: [DRC DPIP-1] Input pipelining: DSP uut/mult_reg0 input uut/mult_reg0/A[29:0] is not pipelined. Pipelining DSP48 input will improve performance.
WARNING: [DRC DPIP-1] Input pipelining: DSP uut/mult_reg0 input uut/mult_reg0/B[17:0] is not pipelined. Pipelining DSP48 input will improve performance.
WARNING: [DRC DPOP-2] MREG Output pipelining: DSP uut/mult_reg0 multiplier stage uut/mult_reg0/P[47:0] is not pipelined (MREG=0). Pipelining the multiplier function will improve performance and will save significant power so it is suggested whenever possible to fully pipeline this function.  If this multiplier was inferred, it is suggested to describe an additional register stage after this function.  If there is no registered adder/accumulator following the multiply function, two pipeline stages are suggested to allow both the MREG and PREG registers to be used.  If the DSP48 was instantiated in the design, it is suggested to set both the MREG and PREG attributes to 1 when performing multiply functions.
WARNING: [DRC REQP-1840] RAMB18 async control check: The RAMB18E1 output_ram_reg has an input control pin output_ram_reg/ADDRARDADDR[10] (net: write_addr_reg__0[6]) which is driven by a register (write_addr_reg[6]) that has an active asychronous set or reset. This may cause corruption of the memory contents and/or read values when the set/reset is asserted and is not analyzed by the default static timing analysis. It is suggested to eliminate the use of a set/reset to registers driving this RAMB pin or else use a synchronous reset in which the assertion of the reset is timed by default.
WARNING: [DRC REQP-1840] RAMB18 async control check: The RAMB18E1 output_ram_reg has an input control pin output_ram_reg/ADDRARDADDR[4] (net: write_addr_reg__0[0]) which is driven by a register (write_addr_reg[0]) that has an active asychronous set or reset. This may cause corruption of the memory contents and/or read values when the set/reset is asserted and is not analyzed by the default static timing analysis. It is suggested to eliminate the use of a set/reset to registers driving this RAMB pin or else use a synchronous reset in which the assertion of the reset is timed by default.
WARNING: [DRC REQP-1840] RAMB18 async control check: The RAMB18E1 output_ram_reg has an input control pin output_ram_reg/ADDRARDADDR[5] (net: write_addr_reg__0[1]) which is driven by a register (write_addr_reg[1]) that has an active asychronous set or reset. This may cause corruption of the memory contents and/or read values when the set/reset is asserted and is not analyzed by the default static timing analysis. It is suggested to eliminate the use of a set/reset to registers driving this RAMB pin or else use a synchronous reset in which the assertion of the reset is timed by default.
WARNING: [DRC REQP-1840] RAMB18 async control check: The RAMB18E1 output_ram_reg has an input control pin output_ram_reg/ADDRARDADDR[6] (net: write_addr_reg__0[2]) which is driven by a register (write_addr_reg[2]) that has an active asychronous set or reset. This may cause corruption of the memory contents and/or read values when the set/reset is asserted and is not analyzed by the default static timing analysis. It is suggested to eliminate the use of a set/reset to registers driving this RAMB pin or else use a synchronous reset in which the assertion of the reset is timed by default.
WARNING: [DRC REQP-1840] RAMB18 async control check: The RAMB18E1 output_ram_reg has an input control pin output_ram_reg/ADDRARDADDR[7] (net: write_addr_reg__0[3]) which is driven by a register (write_addr_reg[3]) that has an active asychronous set or reset. This may cause corruption of the memory contents and/or read values when the set/reset is asserted and is not analyzed by the default static timing analysis. It is suggested to eliminate the use of a set/reset to registers driving this RAMB pin or else use a synchronous reset in which the assertion of the reset is timed by default.
WARNING: [DRC REQP-1840] RAMB18 async control check: The RAMB18E1 output_ram_reg has an input control pin output_ram_reg/ADDRARDADDR[8] (net: write_addr_reg__0[4]) which is driven by a register (write_addr_reg[4]) that has an active asychronous set or reset. This may cause corruption of the memory contents and/or read values when the set/reset is asserted and is not analyzed by the default static timing analysis. It is suggested to eliminate the use of a set/reset to registers driving this RAMB pin or else use a synchronous reset in which the assertion of the reset is timed by default.
WARNING: [DRC REQP-1840] RAMB18 async control check: The RAMB18E1 output_ram_reg has an input control pin output_ram_reg/ADDRARDADDR[9] (net: write_addr_reg__0[5]) which is driven by a register (write_addr_reg[5]) that has an active asychronous set or reset. This may cause corruption of the memory contents and/or read values when the set/reset is asserted and is not analyzed by the default static timing analysis. It is suggested to eliminate the use of a set/reset to registers driving this RAMB pin or else use a synchronous reset in which the assertion of the reset is timed by default.
WARNING: [DRC REQP-1840] RAMB18 async control check: The RAMB18E1 output_ram_reg has an input control pin output_ram_reg/ENARDEN (net: filter_valid_out) which is driven by a register (uut/data_valid_out_reg) that has an active asychronous set or reset. This may cause corruption of the memory contents and/or read values when the set/reset is asserted and is not analyzed by the default static timing analysis. It is suggested to eliminate the use of a set/reset to registers driving this RAMB pin or else use a synchronous reset in which the assertion of the reset is timed by default.
INFO: [Vivado 12-3199] DRC finished with 0 Errors, 12 Warnings
INFO: [Vivado 12-3200] Please refer to the DRC report (report_drc) for more information.
INFO: [Designutils 20-2272] Running write_bitstream with 2 threads.
Loading data files...
Loading site data...
Loading route data...
Processing options...
Creating bitmap...
Creating bitstream...
Writing bitstream ./fpga_top.bit...
INFO: [Vivado 12-1842] Bitgen Completed Successfully.
INFO: [Project 1-120] WebTalk data collection is mandatory when using a WebPACK part without a full Vivado license. To see the specific WebTalk data collected for your design, open the usage_statistics_webtalk.html or usage_statistics_webtalk.xml file in the implementation directory.
Access is denied.
Access is denied.
INFO: [Common 17-83] Releasing license: Implementation
101 Infos, 21 Warnings, 0 Critical Warnings and 0 Errors encountered.
write_bitstream completed successfully
write_bitstream: Time (s): cpu = 00:00:14 ; elapsed = 00:00:12 . Memory (MB): peak = 1790.098 ; gain = 427.535
INFO: [Common 17-206] Exiting Vivado at Thu Sep 17 00:30:32 2026...
